11:11:09.628 [main] INFO  com.weather.crawler.WeatherCrawler - 开始生成北京近1年天气预报数据示例
11:11:09.681 [main] INFO  com.weather.crawler.WeatherCrawler - 数据已保存到: beijing_weather_data.csv
11:11:09.683 [main] INFO  com.weather.crawler.WeatherCrawler - 数据生成完成，共获取 366 条记录
11:11:20.280 [main] INFO  com.weather.crawler.WeatherCrawler - 开始生成北京近1年天气预报数据示例
11:11:20.333 [main] INFO  com.weather.crawler.WeatherCrawler - 数据已保存到: beijing_weather_data.csv
11:11:20.334 [main] INFO  com.weather.crawler.WeatherCrawler - 数据生成完成，共获取 366 条记录
11:18:10.487 [main] INFO  com.weather.crawler.WeatherCrawler - 开始生成北京近1年天气预报数据示例
11:18:10.540 [main] INFO  com.weather.crawler.WeatherCrawler - 数据已保存到: beijing_weather_data.csv
11:18:10.542 [main] INFO  com.weather.crawler.WeatherCrawler - 数据生成完成，共获取 366 条记录
11:21:01.467 [main] INFO  com.weather.crawler.WeatherCrawler - 开始生成北京近1年天气预报数据示例
11:21:01.517 [main] INFO  com.weather.crawler.WeatherCrawler - 数据已保存到: beijing_weather_data.csv
11:21:01.518 [main] INFO  com.weather.crawler.WeatherCrawler - 数据生成完成，共获取 366 条记录
11:21:28.302 [main] INFO  com.weather.crawler.WeatherCrawler - 开始生成北京近1年天气预报数据示例
11:21:28.353 [main] INFO  com.weather.crawler.WeatherCrawler - 数据已保存到: beijing_weather_data.csv
11:21:28.354 [main] INFO  com.weather.crawler.WeatherCrawler - 数据生成完成，共获取 366 条记录
11:21:58.298 [main] INFO  com.weather.crawler.WeatherCrawler - 开始生成北京近1年天气预报数据示例
11:21:58.346 [main] INFO  com.weather.crawler.WeatherCrawler - 数据已保存到: beijing_weather_data.csv
11:21:58.348 [main] INFO  com.weather.crawler.WeatherCrawler - 数据生成完成，共获取 366 条记录
11:22:05.368 [main] INFO  com.weather.crawler.WeatherCrawler - 开始生成北京近1年天气预报数据示例
11:22:05.416 [main] INFO  com.weather.crawler.WeatherCrawler - 数据已保存到: beijing_weather_data.csv
11:22:05.418 [main] INFO  com.weather.crawler.WeatherCrawler - 数据生成完成，共获取 366 条记录
11:22:07.547 [main] INFO  com.weather.crawler.WeatherCrawler - 开始生成北京近1年天气预报数据示例
11:22:07.598 [main] INFO  com.weather.crawler.WeatherCrawler - 数据已保存到: beijing_weather_data.csv
11:22:07.600 [main] INFO  com.weather.crawler.WeatherCrawler - 数据生成完成，共获取 366 条记录
11:22:07.930 [main] INFO  com.weather.crawler.WeatherCrawler - 开始生成北京近1年天气预报数据示例
11:22:07.989 [main] INFO  com.weather.crawler.WeatherCrawler - 数据已保存到: beijing_weather_data.csv
11:22:07.990 [main] INFO  com.weather.crawler.WeatherCrawler - 数据生成完成，共获取 366 条记录
11:23:12.181 [main] INFO  com.weather.crawler.WeatherCrawler - 开始生成北京近1年天气预报数据示例
11:23:12.255 [main] INFO  com.weather.crawler.WeatherCrawler - 数据已保存到: beijing_weather_data.csv
11:23:12.256 [main] INFO  com.weather.crawler.WeatherCrawler - 数据生成完成，共获取 366 条记录
11:24:00.211 [main] INFO  com.weather.crawler.WeatherCrawler - 开始生成北京近1年天气预报数据示例
11:24:00.263 [main] INFO  com.weather.crawler.WeatherCrawler - 数据已保存到: beijing_weather_data.csv
11:24:00.264 [main] INFO  com.weather.crawler.WeatherCrawler - 数据生成完成，共获取 366 条记录
11:24:04.623 [main] INFO  com.weather.crawler.WeatherCrawler - 开始生成北京近1年天气预报数据示例
11:24:04.675 [main] INFO  com.weather.crawler.WeatherCrawler - 数据已保存到: beijing_weather_data.csv
11:24:04.675 [main] INFO  com.weather.crawler.WeatherCrawler - 数据生成完成，共获取 366 条记录
16:19:48.618 [main] INFO  com.weather.crawler.WeatherCrawler - 开始生成北京近1年天气预报数据示例
16:19:48.658 [main] INFO  com.weather.crawler.WeatherCrawler - 数据已保存到: beijing_weather_data.csv
16:19:48.660 [main] INFO  com.weather.crawler.WeatherCrawler - 数据生成完成，共获取 366 条记录
16:21:05.778 [main] INFO  com.weather.crawler.WeatherCrawler - 开始生成北京近1年天气预报数据示例
16:21:05.817 [main] INFO  com.weather.crawler.WeatherCrawler - 数据已保存到: beijing_weather_data.csv
16:21:05.819 [main] INFO  com.weather.crawler.WeatherCrawler - 数据生成完成，共获取 366 条记录
16:24:00.842 [main] INFO  com.weather.crawler.WeatherCrawler - 开始生成北京近1年天气预报数据示例
16:24:00.878 [main] INFO  com.weather.crawler.WeatherCrawler - 数据已保存到: beijing_weather_data.csv
16:24:00.880 [main] INFO  com.weather.crawler.WeatherCrawler - 数据生成完成，共获取 366 条记录
16:24:22.756 [main] INFO  com.weather.crawler.WeatherCrawler - 开始生成北京近1年天气预报数据示例
16:24:22.799 [main] INFO  com.weather.crawler.WeatherCrawler - 数据已保存到: beijing_weather_data.csv
16:24:22.800 [main] INFO  com.weather.crawler.WeatherCrawler - 数据生成完成，共获取 366 条记录
16:24:54.872 [main] INFO  com.weather.crawler.WeatherCrawler - 开始生成北京近1年天气预报数据示例
16:24:54.911 [main] INFO  com.weather.crawler.WeatherCrawler - 数据已保存到: beijing_weather_data.csv
16:24:54.914 [main] INFO  com.weather.crawler.WeatherCrawler - 数据生成完成，共获取 366 条记录
16:24:57.415 [main] INFO  com.weather.crawler.WeatherCrawler - 开始生成北京近1年天气预报数据示例
16:24:57.450 [main] INFO  com.weather.crawler.WeatherCrawler - 数据已保存到: beijing_weather_data.csv
16:24:57.452 [main] INFO  com.weather.crawler.WeatherCrawler - 数据生成完成，共获取 366 条记录
16:24:59.212 [main] INFO  com.weather.crawler.WeatherCrawler - 开始生成北京近1年天气预报数据示例
16:24:59.250 [main] INFO  com.weather.crawler.WeatherCrawler - 数据已保存到: beijing_weather_data.csv
16:24:59.252 [main] INFO  com.weather.crawler.WeatherCrawler - 数据生成完成，共获取 366 条记录
10:36:25.292 [main] INFO  com.weather.crawler.WeatherCrawler - 开始生成北京近1年天气预报数据示例
10:36:25.363 [main] INFO  com.weather.crawler.WeatherCrawler - 数据已保存到: beijing_weather_data.csv
10:36:25.364 [main] INFO  com.weather.crawler.WeatherCrawler - 数据生成完成，共获取 366 条记录
10:36:35.015 [main] INFO  com.weather.crawler.WeatherCrawler - 开始生成北京近1年天气预报数据示例
10:36:35.074 [main] INFO  com.weather.crawler.WeatherCrawler - 数据已保存到: beijing_weather_data.csv
10:36:35.076 [main] INFO  com.weather.crawler.WeatherCrawler - 数据生成完成，共获取 366 条记录
12:53:28.559 [com.weather.crawler.Main.main()] INFO  com.weather.crawler.cli.Cli - 天气爬虫系统启动
17:39:09.496 [com.weather.crawler.Main.main()] INFO  com.weather.crawler.cli.Cli - 天气爬虫系统启动
19:32:28.583 [com.crawler.App.main()] INFO  com.crawler.view.ConsoleView - 天气爬虫系统启动
19:38:44.868 [com.crawler.App.main()] INFO  com.crawler.view.ConsoleView - 天气爬虫系统启动
19:44:00.754 [com.crawler.App.main()] INFO  com.crawler.App - 运行测试模式
19:44:00.764 [com.crawler.App.main()] INFO  com.crawler.command.CrawlCommand - 开始执行爬取命令: ChinaWeatherStrategy, 城市: 北京, 时间范围: 2026-05-31 - 2026-06-02
19:44:00.768 [com.crawler.App.main()] INFO  com.crawler.command.CrawlCommand - 爬取完成，共获取 3 条记录，已保存到: china_weather_北京.csv
19:44:00.769 [com.crawler.App.main()] INFO  com.crawler.command.CrawlCommand - 开始执行爬取命令: AccuWeatherStrategy, 城市: 北京, 时间范围: 2026-05-31 - 2026-06-02
19:44:00.770 [com.crawler.App.main()] INFO  com.crawler.command.CrawlCommand - 爬取完成，共获取 3 条记录，已保存到: accu_weather_北京.csv
19:44:00.770 [com.crawler.App.main()] INFO  com.crawler.command.CrawlCommand - 开始执行爬取命令: OpenWeatherMapStrategy, 城市: 北京, 时间范围: 2026-05-31 - 2026-06-02
19:44:00.770 [com.crawler.App.main()] INFO  com.crawler.command.CrawlCommand - 爬取完成，共获取 3 条记录，已保存到: openweather_北京.csv
19:46:32.690 [com.crawler.App.main()] INFO  com.crawler.App - 运行测试模式
19:46:32.703 [com.crawler.App.main()] INFO  com.crawler.command.CrawlCommand - 开始执行爬取命令: ChinaWeatherStrategy, 城市: 北京, 时间范围: 2026-05-31 - 2026-06-02
19:46:32.704 [com.crawler.App.main()] INFO  com.crawler.command.CrawlCommand - 爬取完成，共获取 3 条记录，已保存到: china_weather_北京.csv
19:46:32.705 [com.crawler.App.main()] INFO  com.crawler.command.CrawlCommand - 开始执行爬取命令: AccuWeatherStrategy, 城市: 北京, 时间范围: 2026-05-31 - 2026-06-02
19:46:32.706 [com.crawler.App.main()] INFO  com.crawler.command.CrawlCommand - 爬取完成，共获取 3 条记录，已保存到: accu_weather_北京.csv
19:46:32.706 [com.crawler.App.main()] INFO  com.crawler.command.CrawlCommand - 开始执行爬取命令: OpenWeatherMapStrategy, 城市: 北京, 时间范围: 2026-05-31 - 2026-06-02
19:46:32.706 [com.crawler.App.main()] INFO  com.crawler.command.CrawlCommand - 爬取完成，共获取 3 条记录，已保存到: openweather_北京.csv
19:51:48.645 [main] INFO  com.crawler.view.ConsoleView - 天气爬虫系统启动
